<testsuite errors="0" failures="0" name="Django Project Tests" skips="0" tests="23" time="3.207"><testcase classname="myapp.tests.SmokeTestsAPI" name="test_add_product" time="0.193514"><system-out>b'{"avatar": ["This field is required."], "genres": ["Incorrect type.  Expected pk value, received str."]}'
</system-out></testcase><testcase classname="myapp.tests.SmokeTestsAPI" name="test_content_header" time="0.100923" /><testcase classname="myapp.tests.SmokeTestsAPI" name="test_data_product_available" time="0.112050" /><testcase classname="myapp.tests.SmokeTestsAPI" name="test_data_product_list_available" time="0.178812" /><testcase classname="myapp.tests.SmokeTestsAPI" name="test_data_search_product" time="0.113765" /><testcase classname="myapp.tests.SmokeTestsAPI" name="test_genres" time="0.131611" /><testcase classname="myapp.tests.SmokeTestsAPI" name="test_get_categories" time="0.218954" /><testcase classname="myapp.tests.SmokeTestsAPI" name="test_limits" time="0.086780" /><testcase classname="myapp.tests.SmokeTestsAPI" name="test_product_creators" time="0.276152" /><testcase classname="myapp.tests.SmokeTestsAPI" name="test_product_detail" time="0.108770" /><testcase classname="myapp.tests.SmokeTestsAPI" name="test_product_heroes" time="0.153767" /><testcase classname="myapp.tests.SmokeTestsAPI" name="test_product_in_user_list" time="0.101022" /><testcase classname="myapp.tests.SmokeTestsAPI" name="test_product_series" time="0.122068" /><testcase classname="myapp.tests.SmokeTestsAPI" name="test_products" time="0.142906" /><testcase classname="myapp.tests.SmokeTestsAPI" name="test_search_creator" time="0.095876" /><testcase classname="myapp.tests.SmokeTestsAPI" name="test_search_hero" time="0.096039" /><testcase classname="myapp.tests.SmokeTestsAPI" name="test_search_product_available" time="0.106154" /><testcase classname="myapp.tests.SmokeTestsAPI" name="test_user_list_available" time="0.144080" /><testcase classname="myapp.tests.SmokeTestsAPI" name="test_user_statistic" time="0.120556" /><testcase classname="myapp.tests.SmokeTestsPages" name="test_detail_product_pages_available" time="0.143748" /><testcase classname="myapp.tests.SmokeTestsPages" name="test_list_product_page_available" time="0.105349" /><testcase classname="myapp.tests.SmokeTestsPages" name="test_main_page_available" time="0.099519" /><testcase classname="myapp.tests.SmokeTestsPages" name="test_profile_available" time="0.101203" /></testsuite>